// Jest Snapshot v1, https://goo.gl/fbAQLP

exports[`Analysis Card should be as the snapshot 1`] = `
<div
  className="ant-card ant-card-bordered"
  data-cy="AnalysisCard"
>
  <div
    className="ant-card-head"
    style={Object {}}
  >
    <div
      className="ant-card-head-wrapper"
    >
      <div
        className="ant-card-head-title"
      >
        Analyse
      </div>
    </div>
  </div>
  <div
    className="ant-card-body"
    style={Object {}}
  />
</div>
`;
